// Jest Snapshot v1, https://goo.gl/fbAQLP

exports[`serializer should serialize simple component 1`] = `
  <div>foo</div>
  <div>foo2</div>
`;
